#-----------------------------------------------------------
# Vivado v2018.3 (64-bit)
# SW Build 2405991 on Thu Dec  6 23:38:27 MST 2018
# IP Build 2404404 on Fri Dec  7 01:43:56 MST 2018
# Start of session at: Fri Jun 17 22:14:10 2022
# Process ID: 15524
# Current directory: F:/VivadoProj/HardWareProj/ip_repo
# Command line: vivado.exe -gui_launcher_event rodinguilauncherevent13032 F:\VivadoProj\HardWareProj\ip_repo\edit_AD9235_v1_0.xpr
# Log file: F:/VivadoProj/HardWareProj/ip_repo/vivado.log
# Journal file: F:/VivadoProj/HardWareProj/ip_repo\vivado.jou
#-----------------------------------------------------------
start_gui
open_project F:/VivadoProj/HardWareProj/ip_repo/edit_AD9235_v1_0.xpr
update_compile_order -fileset sources_1
ipx::open_ipxact_file F:/VivadoProj/HardWareProj/ip_repo/AD9235_1.0/component.xml
ipx::merge_project_changes hdl_parameters [ipx::current_core]
ipx::remove_bus_interface Ad9235_clk [ipx::current_core]
ipx::remove_bus_interface Data_clk [ipx::current_core]
set_property core_revision 6 [ipx::current_core]
ipx::create_xgui_files [ipx::current_core]
ipx::update_checksums [ipx::current_core]
ipx::save_core [ipx::current_core]
update_ip_catalog -rebuild -repo_path f:/VivadoProj/HardWareProj/ip_repo/AD9235_1.0
set_property widget {textEdit} [ipgui::get_guiparamspec -name "CNT_W" -component [ipx::current_core] ]
set_property value 32 [ipx::get_user_parameters CNT_W -of_objects [ipx::current_core]]
set_property value 32 [ipx::get_hdl_parameters CNT_W -of_objects [ipx::current_core]]
set_property value_validation_range_minimum 0 [ipx::get_user_parameters CNT_W -of_objects [ipx::current_core]]
set_property value_validation_range_maximum 32 [ipx::get_user_parameters CNT_W -of_objects [ipx::current_core]]
set_property core_revision 7 [ipx::current_core]
ipx::create_xgui_files [ipx::current_core]
ipx::update_checksums [ipx::current_core]
ipx::save_core [ipx::current_core]
update_ip_catalog -rebuild -repo_path f:/VivadoProj/HardWareProj/ip_repo/AD9235_1.0
